{"action":"login","data":{"message":"login_y7dn2kjenej"},"level":"info","message":"Login attempt","timestamp":"2025-04-03T20:21:42.206Z","user":"ericet"}
{"action":"login","data":{"isAdmin":true},"level":"info","message":"Login successful","timestamp":"2025-04-03T20:21:43.085Z","user":"ericet"}
{"action":"verifyToken","data":{"path":"/getUpvotes"},"level":"info","message":"Token verification attempt","timestamp":"2025-04-03T20:21:43.141Z"}
{"action":"verifyToken","data":{"isAdmin":true,"path":"/getUpvotes"},"level":"info","message":"Token verified successfully","timestamp":"2025-04-03T20:21:43.145Z","user":"ericet"}
{"action":"verifyToken","data":{"path":"/getUpvotes"},"level":"info","message":"Token verification attempt","timestamp":"2025-04-07T18:54:25.669Z"}
{"action":"verifyToken","data":{"isAdmin":false,"path":"/getUpvotes"},"level":"info","message":"Token verified successfully","timestamp":"2025-04-07T18:54:25.674Z","user":"teamcn-shop"}
{"action":"verifyToken","data":{"path":"/getUpvotes"},"level":"info","message":"Token verification attempt","timestamp":"2025-04-07T18:54:29.232Z"}
{"action":"verifyToken","data":{"isAdmin":false,"path":"/getUpvotes"},"level":"info","message":"Token verified successfully","timestamp":"2025-04-07T18:54:29.234Z","user":"teamcn-shop"}
{"action":"verifyToken","data":{"path":"/getUpvotes"},"level":"info","message":"Token verification attempt","timestamp":"2025-04-07T18:56:12.283Z"}
{"action":"verifyToken","data":{"isAdmin":false,"path":"/getUpvotes"},"level":"info","message":"Token verified successfully","timestamp":"2025-04-07T18:56:12.285Z","user":"teamcn-shop"}
{"action":"verifyToken","data":{"path":"/getUpvotes"},"level":"info","message":"Token verification attempt","timestamp":"2025-04-07T18:58:24.340Z"}
{"action":"verifyToken","data":{"isAdmin":false,"path":"/getUpvotes"},"level":"info","message":"Token verified successfully","timestamp":"2025-04-07T18:58:24.342Z","user":"teamcn-shop"}
{"action":"verifyToken","data":{"path":"/getUpvotes"},"level":"info","message":"Token verification attempt","timestamp":"2025-04-07T18:58:26.785Z"}
{"action":"verifyToken","data":{"isAdmin":false,"path":"/getUpvotes"},"level":"info","message":"Token verified successfully","timestamp":"2025-04-07T18:58:26.786Z","user":"teamcn-shop"}
{"action":"verifyToken","data":{"path":"/getUpvotes"},"level":"info","message":"Token verification attempt","timestamp":"2025-04-07T18:58:30.090Z"}
{"action":"verifyToken","data":{"isAdmin":false,"path":"/getUpvotes"},"level":"info","message":"Token verified successfully","timestamp":"2025-04-07T18:58:30.091Z","user":"teamcn-shop"}
{"action":"verifyToken","data":{"path":"/getUpvotes"},"level":"info","message":"Token verification attempt","timestamp":"2025-04-07T18:59:00.029Z"}
{"action":"verifyToken","data":{"isAdmin":false,"path":"/getUpvotes"},"level":"info","message":"Token verified successfully","timestamp":"2025-04-07T18:59:00.031Z","user":"teamcn-shop"}
{"action":"verifyToken","data":{"path":"/getUpvotes"},"level":"info","message":"Token verification attempt","timestamp":"2025-04-07T18:59:00.658Z"}
{"action":"verifyToken","data":{"isAdmin":false,"path":"/getUpvotes"},"level":"info","message":"Token verified successfully","timestamp":"2025-04-07T18:59:00.660Z","user":"teamcn-shop"}
{"action":"verifyToken","data":{"path":"/getUpvotes"},"level":"info","message":"Token verification attempt","timestamp":"2025-04-07T18:59:21.399Z"}
{"action":"verifyToken","data":{"isAdmin":false,"path":"/getUpvotes"},"level":"info","message":"Token verified successfully","timestamp":"2025-04-07T18:59:21.401Z","user":"teamcn-shop"}
{"action":"verifyToken","data":{"path":"/getUpvotes"},"level":"info","message":"Token verification attempt","timestamp":"2025-04-07T18:59:22.109Z"}
{"action":"verifyToken","data":{"isAdmin":false,"path":"/getUpvotes"},"level":"info","message":"Token verified successfully","timestamp":"2025-04-07T18:59:22.111Z","user":"teamcn-shop"}
{"action":"verifyToken","data":{"path":"/getUpvotes"},"level":"info","message":"Token verification attempt","timestamp":"2025-04-07T18:59:52.164Z"}
{"action":"verifyToken","data":{"isAdmin":false,"path":"/getUpvotes"},"level":"info","message":"Token verified successfully","timestamp":"2025-04-07T18:59:52.166Z","user":"teamcn-shop"}
{"action":"verifyToken","data":{"path":"/getUpvotes"},"level":"info","message":"Token verification attempt","timestamp":"2025-04-07T18:59:52.800Z"}
{"action":"verifyToken","data":{"isAdmin":false,"path":"/getUpvotes"},"level":"info","message":"Token verified successfully","timestamp":"2025-04-07T18:59:52.802Z","user":"teamcn-shop"}
{"action":"verifyToken","data":{"path":"/getUpvotes"},"level":"info","message":"Token verification attempt","timestamp":"2025-04-07T19:00:06.951Z"}
{"action":"verifyToken","data":{"isAdmin":false,"path":"/getUpvotes"},"level":"info","message":"Token verified successfully","timestamp":"2025-04-07T19:00:06.953Z","user":"teamcn-shop"}
{"action":"verifyToken","data":{"path":"/getUpvotes"},"level":"info","message":"Token verification attempt","timestamp":"2025-04-07T19:00:07.580Z"}
{"action":"verifyToken","data":{"isAdmin":false,"path":"/getUpvotes"},"level":"info","message":"Token verified successfully","timestamp":"2025-04-07T19:00:07.582Z","user":"teamcn-shop"}
{"action":"verifyToken","data":{"path":"/getUpvotes"},"level":"info","message":"Token verification attempt","timestamp":"2025-04-07T19:00:12.327Z"}
{"action":"verifyToken","data":{"isAdmin":false,"path":"/getUpvotes"},"level":"info","message":"Token verified successfully","timestamp":"2025-04-07T19:00:12.329Z","user":"teamcn-shop"}
{"action":"verifyToken","data":{"path":"/getUpvotes"},"level":"info","message":"Token verification attempt","timestamp":"2025-04-07T19:00:12.970Z"}
{"action":"verifyToken","data":{"isAdmin":false,"path":"/getUpvotes"},"level":"info","message":"Token verified successfully","timestamp":"2025-04-07T19:00:12.971Z","user":"teamcn-shop"}
{"action":"verifyToken","data":{"path":"/getUpvotes"},"level":"info","message":"Token verification attempt","timestamp":"2025-04-07T19:00:35.673Z"}
{"action":"verifyToken","data":{"isAdmin":false,"path":"/getUpvotes"},"level":"info","message":"Token verified successfully","timestamp":"2025-04-07T19:00:35.676Z","user":"teamcn-shop"}
{"action":"verifyToken","data":{"path":"/getUpvotes"},"level":"info","message":"Token verification attempt","timestamp":"2025-04-07T19:00:36.308Z"}
{"action":"verifyToken","data":{"isAdmin":false,"path":"/getUpvotes"},"level":"info","message":"Token verified successfully","timestamp":"2025-04-07T19:00:36.310Z","user":"teamcn-shop"}
{"action":"verifyToken","data":{"path":"/getUpvotes"},"level":"info","message":"Token verification attempt","timestamp":"2025-04-07T19:00:55.273Z"}
{"action":"verifyToken","data":{"isAdmin":false,"path":"/getUpvotes"},"level":"info","message":"Token verified successfully","timestamp":"2025-04-07T19:00:55.274Z","user":"teamcn-shop"}
{"action":"verifyToken","data":{"path":"/getUpvotes"},"level":"info","message":"Token verification attempt","timestamp":"2025-04-07T19:00:55.996Z"}
{"action":"verifyToken","data":{"isAdmin":false,"path":"/getUpvotes"},"level":"info","message":"Token verified successfully","timestamp":"2025-04-07T19:00:55.997Z","user":"teamcn-shop"}
{"action":"verifyToken","data":{"path":"/getUpvotes"},"level":"info","message":"Token verification attempt","timestamp":"2025-04-07T19:01:04.837Z"}
{"action":"verifyToken","data":{"isAdmin":false,"path":"/getUpvotes"},"level":"info","message":"Token verified successfully","timestamp":"2025-04-07T19:01:04.838Z","user":"teamcn-shop"}
{"action":"verifyToken","data":{"path":"/getUpvotes"},"level":"info","message":"Token verification attempt","timestamp":"2025-04-07T19:01:05.484Z"}
{"action":"verifyToken","data":{"isAdmin":false,"path":"/getUpvotes"},"level":"info","message":"Token verified successfully","timestamp":"2025-04-07T19:01:05.486Z","user":"teamcn-shop"}
{"action":"verifyToken","data":{"path":"/getUpvotes"},"level":"info","message":"Token verification attempt","timestamp":"2025-04-07T19:01:09.536Z"}
{"action":"verifyToken","data":{"isAdmin":false,"path":"/getUpvotes"},"level":"info","message":"Token verified successfully","timestamp":"2025-04-07T19:01:09.537Z","user":"teamcn-shop"}
{"action":"verifyToken","data":{"path":"/getUpvotes"},"level":"info","message":"Token verification attempt","timestamp":"2025-04-07T19:01:10.169Z"}
{"action":"verifyToken","data":{"isAdmin":false,"path":"/getUpvotes"},"level":"info","message":"Token verified successfully","timestamp":"2025-04-07T19:01:10.171Z","user":"teamcn-shop"}
{"action":"verifyToken","data":{"path":"/getUpvotes"},"level":"info","message":"Token verification attempt","timestamp":"2025-04-07T19:02:38.582Z"}
{"action":"verifyToken","data":{"isAdmin":false,"path":"/getUpvotes"},"level":"info","message":"Token verified successfully","timestamp":"2025-04-07T19:02:38.584Z","user":"teamcn-shop"}
{"action":"verifyToken","data":{"path":"/getUpvotes"},"level":"info","message":"Token verification attempt","timestamp":"2025-04-07T19:02:39.579Z"}
{"action":"verifyToken","data":{"isAdmin":false,"path":"/getUpvotes"},"level":"info","message":"Token verified successfully","timestamp":"2025-04-07T19:02:39.581Z","user":"teamcn-shop"}
{"action":"verifyToken","data":{"path":"/getUpvotes"},"level":"info","message":"Token verification attempt","timestamp":"2025-04-07T19:27:19.289Z"}
{"action":"verifyToken","data":{"isAdmin":false,"path":"/getUpvotes"},"level":"info","message":"Token verified successfully","timestamp":"2025-04-07T19:27:19.290Z","user":"teamcn-shop"}
{"action":"verifyToken","data":{"path":"/getUpvotes"},"level":"info","message":"Token verification attempt","timestamp":"2025-04-07T19:27:19.925Z"}
{"action":"verifyToken","data":{"isAdmin":false,"path":"/getUpvotes"},"level":"info","message":"Token verified successfully","timestamp":"2025-04-07T19:27:19.926Z","user":"teamcn-shop"}
{"action":"verifyToken","data":{"path":"/getUpvotes"},"level":"info","message":"Token verification attempt","timestamp":"2025-04-07T19:27:22.395Z"}
{"action":"verifyToken","data":{"isAdmin":false,"path":"/getUpvotes"},"level":"info","message":"Token verified successfully","timestamp":"2025-04-07T19:27:22.397Z","user":"teamcn-shop"}
{"action":"verifyToken","data":{"path":"/getUpvotes"},"level":"info","message":"Token verification attempt","timestamp":"2025-04-07T19:27:23.033Z"}
{"action":"verifyToken","data":{"isAdmin":false,"path":"/getUpvotes"},"level":"info","message":"Token verified successfully","timestamp":"2025-04-07T19:27:23.035Z","user":"teamcn-shop"}
{"action":"verifyToken","data":{"path":"/getUpvotes"},"level":"info","message":"Token verification attempt","timestamp":"2025-04-07T19:29:14.730Z"}
{"action":"verifyToken","data":{"isAdmin":false,"path":"/getUpvotes"},"level":"info","message":"Token verified successfully","timestamp":"2025-04-07T19:29:14.731Z","user":"teamcn-shop"}
{"action":"verifyToken","data":{"path":"/getUpvotes"},"level":"info","message":"Token verification attempt","timestamp":"2025-04-07T19:29:15.358Z"}
{"action":"verifyToken","data":{"isAdmin":false,"path":"/getUpvotes"},"level":"info","message":"Token verified successfully","timestamp":"2025-04-07T19:29:15.359Z","user":"teamcn-shop"}
{"action":"verifyToken","data":{"path":"/getUpvotes"},"level":"info","message":"Token verification attempt","timestamp":"2025-04-07T19:29:51.824Z"}
{"action":"verifyToken","data":{"isAdmin":false,"path":"/getUpvotes"},"level":"info","message":"Token verified successfully","timestamp":"2025-04-07T19:29:51.826Z","user":"teamcn-shop"}
{"action":"verifyToken","data":{"path":"/getUpvotes"},"level":"info","message":"Token verification attempt","timestamp":"2025-04-07T19:29:52.448Z"}
{"action":"verifyToken","data":{"isAdmin":false,"path":"/getUpvotes"},"level":"info","message":"Token verified successfully","timestamp":"2025-04-07T19:29:52.450Z","user":"teamcn-shop"}
{"action":"verifyToken","data":{"path":"/getUpvotes"},"level":"info","message":"Token verification attempt","timestamp":"2025-04-07T19:34:11.070Z"}
{"action":"verifyToken","data":{"isAdmin":false,"path":"/getUpvotes"},"level":"info","message":"Token verified successfully","timestamp":"2025-04-07T19:34:11.072Z","user":"teamcn-shop"}
{"action":"verifyToken","data":{"path":"/getUpvotes"},"level":"info","message":"Token verification attempt","timestamp":"2025-04-07T19:34:11.697Z"}
{"action":"verifyToken","data":{"isAdmin":false,"path":"/getUpvotes"},"level":"info","message":"Token verified successfully","timestamp":"2025-04-07T19:34:11.698Z","user":"teamcn-shop"}
{"action":"verifyToken","data":{"path":"/getUpvotes"},"level":"info","message":"Token verification attempt","timestamp":"2025-04-07T19:34:17.332Z"}
{"action":"verifyToken","data":{"isAdmin":false,"path":"/getUpvotes"},"level":"info","message":"Token verified successfully","timestamp":"2025-04-07T19:34:17.334Z","user":"teamcn-shop"}
{"action":"verifyToken","data":{"path":"/getUpvotes"},"level":"info","message":"Token verification attempt","timestamp":"2025-04-07T19:34:17.949Z"}
{"action":"verifyToken","data":{"isAdmin":false,"path":"/getUpvotes"},"level":"info","message":"Token verified successfully","timestamp":"2025-04-07T19:34:17.950Z","user":"teamcn-shop"}
{"action":"verifyToken","data":{"path":"/getUpvotes"},"level":"info","message":"Token verification attempt","timestamp":"2025-04-07T19:34:19.749Z"}
{"action":"verifyToken","data":{"isAdmin":false,"path":"/getUpvotes"},"level":"info","message":"Token verified successfully","timestamp":"2025-04-07T19:34:19.751Z","user":"teamcn-shop"}
{"action":"verifyToken","data":{"path":"/getUpvotes"},"level":"info","message":"Token verification attempt","timestamp":"2025-04-07T19:34:20.529Z"}
{"action":"verifyToken","data":{"isAdmin":false,"path":"/getUpvotes"},"level":"info","message":"Token verified successfully","timestamp":"2025-04-07T19:34:20.531Z","user":"teamcn-shop"}
{"action":"verifyToken","data":{"path":"/getUpvotes"},"level":"info","message":"Token verification attempt","timestamp":"2025-04-07T19:57:22.914Z"}
{"action":"verifyToken","data":{"isAdmin":false,"path":"/getUpvotes"},"level":"info","message":"Token verified successfully","timestamp":"2025-04-07T19:57:22.915Z","user":"teamcn-shop"}
{"action":"verifyToken","data":{"path":"/getUpvotes"},"level":"info","message":"Token verification attempt","timestamp":"2025-04-07T19:57:23.635Z"}
{"action":"verifyToken","data":{"isAdmin":false,"path":"/getUpvotes"},"level":"info","message":"Token verified successfully","timestamp":"2025-04-07T19:57:23.637Z","user":"teamcn-shop"}
{"action":"verifyToken","data":{"path":"/getUpvotes"},"level":"info","message":"Token verification attempt","timestamp":"2025-04-07T19:57:26.604Z"}
{"action":"verifyToken","data":{"isAdmin":false,"path":"/getUpvotes"},"level":"info","message":"Token verified successfully","timestamp":"2025-04-07T19:57:26.606Z","user":"teamcn-shop"}
{"action":"verifyToken","data":{"path":"/getUpvotes"},"level":"info","message":"Token verification attempt","timestamp":"2025-04-07T19:57:27.234Z"}
{"action":"verifyToken","data":{"isAdmin":false,"path":"/getUpvotes"},"level":"info","message":"Token verified successfully","timestamp":"2025-04-07T19:57:27.236Z","user":"teamcn-shop"}
{"action":"verifyToken","data":{"path":"/getUpvotes"},"level":"info","message":"Token verification attempt","timestamp":"2025-04-07T19:57:42.055Z"}
{"action":"verifyToken","data":{"isAdmin":false,"path":"/getUpvotes"},"level":"info","message":"Token verified successfully","timestamp":"2025-04-07T19:57:42.057Z","user":"teamcn-shop"}
{"action":"verifyToken","data":{"path":"/getUpvotes"},"level":"info","message":"Token verification attempt","timestamp":"2025-04-07T19:57:42.684Z"}
{"action":"verifyToken","data":{"isAdmin":false,"path":"/getUpvotes"},"level":"info","message":"Token verified successfully","timestamp":"2025-04-07T19:57:42.686Z","user":"teamcn-shop"}
{"action":"verifyToken","data":{"path":"/getUpvotes"},"level":"info","message":"Token verification attempt","timestamp":"2025-04-07T19:57:49.107Z"}
{"action":"verifyToken","data":{"isAdmin":false,"path":"/getUpvotes"},"level":"info","message":"Token verified successfully","timestamp":"2025-04-07T19:57:49.109Z","user":"teamcn-shop"}
{"action":"verifyToken","data":{"path":"/getUpvotes"},"level":"info","message":"Token verification attempt","timestamp":"2025-04-07T19:57:49.741Z"}
{"action":"verifyToken","data":{"isAdmin":false,"path":"/getUpvotes"},"level":"info","message":"Token verified successfully","timestamp":"2025-04-07T19:57:49.743Z","user":"teamcn-shop"}
{"action":"verifyToken","data":{"path":"/getUpvotes"},"level":"info","message":"Token verification attempt","timestamp":"2025-04-07T19:57:50.380Z"}
{"action":"verifyToken","data":{"isAdmin":false,"path":"/getUpvotes"},"level":"info","message":"Token verified successfully","timestamp":"2025-04-07T19:57:50.381Z","user":"teamcn-shop"}
{"action":"verifyToken","data":{"path":"/getUpvotes"},"level":"info","message":"Token verification attempt","timestamp":"2025-04-07T19:57:51.014Z"}
{"action":"verifyToken","data":{"isAdmin":false,"path":"/getUpvotes"},"level":"info","message":"Token verified successfully","timestamp":"2025-04-07T19:57:51.015Z","user":"teamcn-shop"}
{"action":"verifyToken","data":{"path":"/getUpvotes"},"level":"info","message":"Token verification attempt","timestamp":"2025-04-07T19:57:58.684Z"}
{"action":"verifyToken","data":{"isAdmin":false,"path":"/getUpvotes"},"level":"info","message":"Token verified successfully","timestamp":"2025-04-07T19:57:58.685Z","user":"teamcn-shop"}
{"action":"verifyToken","data":{"path":"/getUpvotes"},"level":"info","message":"Token verification attempt","timestamp":"2025-04-07T19:57:59.314Z"}
{"action":"verifyToken","data":{"isAdmin":false,"path":"/getUpvotes"},"level":"info","message":"Token verified successfully","timestamp":"2025-04-07T19:57:59.315Z","user":"teamcn-shop"}
{"action":"verifyToken","data":{"path":"/getUpvotes"},"level":"info","message":"Token verification attempt","timestamp":"2025-04-07T19:57:59.948Z"}
{"action":"verifyToken","data":{"isAdmin":false,"path":"/getUpvotes"},"level":"info","message":"Token verified successfully","timestamp":"2025-04-07T19:57:59.949Z","user":"teamcn-shop"}
{"action":"verifyToken","data":{"path":"/getUpvotes"},"level":"info","message":"Token verification attempt","timestamp":"2025-04-07T19:58:00.573Z"}
{"action":"verifyToken","data":{"isAdmin":false,"path":"/getUpvotes"},"level":"info","message":"Token verified successfully","timestamp":"2025-04-07T19:58:00.574Z","user":"teamcn-shop"}
{"action":"verifyToken","data":{"path":"/getUpvotes"},"level":"info","message":"Token verification attempt","timestamp":"2025-04-07T19:58:16.965Z"}
{"action":"verifyToken","data":{"isAdmin":false,"path":"/getUpvotes"},"level":"info","message":"Token verified successfully","timestamp":"2025-04-07T19:58:16.967Z","user":"teamcn-shop"}
{"action":"verifyToken","data":{"path":"/getUpvotes"},"level":"info","message":"Token verification attempt","timestamp":"2025-04-07T19:58:17.598Z"}
{"action":"verifyToken","data":{"isAdmin":false,"path":"/getUpvotes"},"level":"info","message":"Token verified successfully","timestamp":"2025-04-07T19:58:17.600Z","user":"teamcn-shop"}
{"action":"verifyToken","data":{"path":"/getUpvotes"},"level":"info","message":"Token verification attempt","timestamp":"2025-04-07T19:58:20.197Z"}
{"action":"verifyToken","data":{"isAdmin":false,"path":"/getUpvotes"},"level":"info","message":"Token verified successfully","timestamp":"2025-04-07T19:58:20.198Z","user":"teamcn-shop"}
{"action":"verifyToken","data":{"path":"/getUpvotes"},"level":"info","message":"Token verification attempt","timestamp":"2025-04-07T19:58:20.848Z"}
{"action":"verifyToken","data":{"isAdmin":false,"path":"/getUpvotes"},"level":"info","message":"Token verified successfully","timestamp":"2025-04-07T19:58:20.849Z","user":"teamcn-shop"}
{"action":"verifyToken","data":{"path":"/getUpvotes"},"level":"info","message":"Token verification attempt","timestamp":"2025-04-07T19:58:23.744Z"}
{"action":"verifyToken","data":{"isAdmin":false,"path":"/getUpvotes"},"level":"info","message":"Token verified successfully","timestamp":"2025-04-07T19:58:23.745Z","user":"teamcn-shop"}
{"action":"verifyToken","data":{"path":"/getUpvotes"},"level":"info","message":"Token verification attempt","timestamp":"2025-04-07T19:58:24.382Z"}
{"action":"verifyToken","data":{"isAdmin":false,"path":"/getUpvotes"},"level":"info","message":"Token verified successfully","timestamp":"2025-04-07T19:58:24.384Z","user":"teamcn-shop"}
{"action":"verifyToken","data":{"path":"/getUpvotes"},"level":"info","message":"Token verification attempt","timestamp":"2025-04-07T19:58:29.523Z"}
{"action":"verifyToken","data":{"isAdmin":false,"path":"/getUpvotes"},"level":"info","message":"Token verified successfully","timestamp":"2025-04-07T19:58:29.524Z","user":"teamcn-shop"}
{"action":"verifyToken","data":{"path":"/getUpvotes"},"level":"info","message":"Token verification attempt","timestamp":"2025-04-07T19:58:30.156Z"}
{"action":"verifyToken","data":{"isAdmin":false,"path":"/getUpvotes"},"level":"info","message":"Token verified successfully","timestamp":"2025-04-07T19:58:30.157Z","user":"teamcn-shop"}
{"action":"verifyToken","data":{"path":"/getUpvotes"},"level":"info","message":"Token verification attempt","timestamp":"2025-04-07T19:59:21.210Z"}
{"action":"verifyToken","data":{"isAdmin":false,"path":"/getUpvotes"},"level":"info","message":"Token verified successfully","timestamp":"2025-04-07T19:59:21.212Z","user":"teamcn-shop"}
{"action":"verifyToken","data":{"path":"/getUpvotes"},"level":"info","message":"Token verification attempt","timestamp":"2025-04-07T19:59:21.839Z"}
{"action":"verifyToken","data":{"isAdmin":false,"path":"/getUpvotes"},"level":"info","message":"Token verified successfully","timestamp":"2025-04-07T19:59:21.840Z","user":"teamcn-shop"}
{"action":"verifyToken","data":{"path":"/getUpvotes"},"level":"info","message":"Token verification attempt","timestamp":"2025-04-07T19:59:23.883Z"}
{"action":"verifyToken","data":{"isAdmin":false,"path":"/getUpvotes"},"level":"info","message":"Token verified successfully","timestamp":"2025-04-07T19:59:23.884Z","user":"teamcn-shop"}
{"action":"verifyToken","data":{"path":"/getUpvotes"},"level":"info","message":"Token verification attempt","timestamp":"2025-04-07T19:59:24.516Z"}
{"action":"verifyToken","data":{"isAdmin":false,"path":"/getUpvotes"},"level":"info","message":"Token verified successfully","timestamp":"2025-04-07T19:59:24.518Z","user":"teamcn-shop"}
{"action":"verifyToken","data":{"path":"/getUpvotes"},"level":"info","message":"Token verification attempt","timestamp":"2025-04-07T19:59:26.899Z"}
{"action":"verifyToken","data":{"isAdmin":false,"path":"/getUpvotes"},"level":"info","message":"Token verified successfully","timestamp":"2025-04-07T19:59:26.900Z","user":"teamcn-shop"}
{"action":"verifyToken","data":{"path":"/getUpvotes"},"level":"info","message":"Token verification attempt","timestamp":"2025-04-07T19:59:27.553Z"}
{"action":"verifyToken","data":{"isAdmin":false,"path":"/getUpvotes"},"level":"info","message":"Token verified successfully","timestamp":"2025-04-07T19:59:27.555Z","user":"teamcn-shop"}
{"action":"verifyToken","data":{"path":"/getUpvotes"},"level":"info","message":"Token verification attempt","timestamp":"2025-04-07T19:59:31.171Z"}
{"action":"verifyToken","data":{"isAdmin":false,"path":"/getUpvotes"},"level":"info","message":"Token verified successfully","timestamp":"2025-04-07T19:59:31.173Z","user":"teamcn-shop"}
{"action":"verifyToken","data":{"path":"/getUpvotes"},"level":"info","message":"Token verification attempt","timestamp":"2025-04-07T19:59:31.790Z"}
{"action":"verifyToken","data":{"isAdmin":false,"path":"/getUpvotes"},"level":"info","message":"Token verified successfully","timestamp":"2025-04-07T19:59:31.792Z","user":"teamcn-shop"}
{"action":"verifyToken","data":{"path":"/getUpvotes"},"level":"info","message":"Token verification attempt","timestamp":"2025-04-07T20:00:02.558Z"}
{"action":"verifyToken","data":{"isAdmin":false,"path":"/getUpvotes"},"level":"info","message":"Token verified successfully","timestamp":"2025-04-07T20:00:02.560Z","user":"teamcn-shop"}
{"action":"verifyToken","data":{"path":"/getUpvotes"},"level":"info","message":"Token verification attempt","timestamp":"2025-04-07T20:00:03.212Z"}
{"action":"verifyToken","data":{"isAdmin":false,"path":"/getUpvotes"},"level":"info","message":"Token verified successfully","timestamp":"2025-04-07T20:00:03.213Z","user":"teamcn-shop"}
{"action":"verifyToken","data":{"path":"/getUpvotes"},"level":"info","message":"Token verification attempt","timestamp":"2025-04-07T20:00:05.723Z"}
{"action":"verifyToken","data":{"isAdmin":false,"path":"/getUpvotes"},"level":"info","message":"Token verified successfully","timestamp":"2025-04-07T20:00:05.725Z","user":"teamcn-shop"}
{"action":"verifyToken","data":{"path":"/getUpvotes"},"level":"info","message":"Token verification attempt","timestamp":"2025-04-07T20:00:06.378Z"}
{"action":"verifyToken","data":{"isAdmin":false,"path":"/getUpvotes"},"level":"info","message":"Token verified successfully","timestamp":"2025-04-07T20:00:06.381Z","user":"teamcn-shop"}
{"action":"verifyToken","data":{"path":"/getUpvotes"},"level":"info","message":"Token verification attempt","timestamp":"2025-04-07T20:00:07.029Z"}
{"action":"verifyToken","data":{"isAdmin":false,"path":"/getUpvotes"},"level":"info","message":"Token verified successfully","timestamp":"2025-04-07T20:00:07.031Z","user":"teamcn-shop"}
{"action":"verifyToken","data":{"path":"/getUpvotes"},"level":"info","message":"Token verification attempt","timestamp":"2025-04-07T20:00:07.676Z"}
{"action":"verifyToken","data":{"isAdmin":false,"path":"/getUpvotes"},"level":"info","message":"Token verified successfully","timestamp":"2025-04-07T20:00:07.677Z","user":"teamcn-shop"}
{"action":"verifyToken","data":{"path":"/getUpvotes"},"level":"info","message":"Token verification attempt","timestamp":"2025-04-07T20:00:11.535Z"}
{"action":"verifyToken","data":{"isAdmin":false,"path":"/getUpvotes"},"level":"info","message":"Token verified successfully","timestamp":"2025-04-07T20:00:11.536Z","user":"teamcn-shop"}
{"action":"verifyToken","data":{"path":"/getUpvotes"},"level":"info","message":"Token verification attempt","timestamp":"2025-04-07T20:00:13.178Z"}
{"action":"verifyToken","data":{"isAdmin":false,"path":"/getUpvotes"},"level":"info","message":"Token verified successfully","timestamp":"2025-04-07T20:00:13.180Z","user":"teamcn-shop"}
{"action":"verifyToken","data":{"path":"/getUpvotes"},"level":"info","message":"Token verification attempt","timestamp":"2025-04-07T20:00:26.558Z"}
{"action":"verifyToken","data":{"isAdmin":false,"path":"/getUpvotes"},"level":"info","message":"Token verified successfully","timestamp":"2025-04-07T20:00:26.560Z","user":"teamcn-shop"}
{"action":"verifyToken","data":{"path":"/getUpvotes"},"level":"info","message":"Token verification attempt","timestamp":"2025-04-07T20:00:27.185Z"}
{"action":"verifyToken","data":{"isAdmin":false,"path":"/getUpvotes"},"level":"info","message":"Token verified successfully","timestamp":"2025-04-07T20:00:27.187Z","user":"teamcn-shop"}
{"action":"verifyToken","data":{"path":"/getUpvotes"},"level":"info","message":"Token verification attempt","timestamp":"2025-04-07T20:02:35.418Z"}
{"action":"verifyToken","data":{"isAdmin":false,"path":"/getUpvotes"},"level":"info","message":"Token verified successfully","timestamp":"2025-04-07T20:02:35.419Z","user":"teamcn-shop"}
{"action":"verifyToken","data":{"path":"/getUpvotes"},"level":"info","message":"Token verification attempt","timestamp":"2025-04-07T20:02:36.069Z"}
{"action":"verifyToken","data":{"isAdmin":false,"path":"/getUpvotes"},"level":"info","message":"Token verified successfully","timestamp":"2025-04-07T20:02:36.070Z","user":"teamcn-shop"}
{"action":"verifyToken","data":{"path":"/getUpvotes"},"level":"info","message":"Token verification attempt","timestamp":"2025-04-07T20:08:07.585Z"}
{"action":"verifyToken","data":{"isAdmin":false,"path":"/getUpvotes"},"level":"info","message":"Token verified successfully","timestamp":"2025-04-07T20:08:07.587Z","user":"teamcn-shop"}
{"action":"verifyToken","data":{"path":"/getUpvotes"},"level":"info","message":"Token verification attempt","timestamp":"2025-04-07T20:08:08.207Z"}
{"action":"verifyToken","data":{"isAdmin":false,"path":"/getUpvotes"},"level":"info","message":"Token verified successfully","timestamp":"2025-04-07T20:08:08.209Z","user":"teamcn-shop"}
{"action":"verifyToken","data":{"path":"/getUpvotes"},"level":"info","message":"Token verification attempt","timestamp":"2025-04-07T20:08:52.059Z"}
{"action":"verifyToken","data":{"isAdmin":false,"path":"/getUpvotes"},"level":"info","message":"Token verified successfully","timestamp":"2025-04-07T20:08:52.060Z","user":"teamcn-shop"}
{"action":"verifyToken","data":{"path":"/getUpvotes"},"level":"info","message":"Token verification attempt","timestamp":"2025-04-07T20:08:52.674Z"}
{"action":"verifyToken","data":{"isAdmin":false,"path":"/getUpvotes"},"level":"info","message":"Token verified successfully","timestamp":"2025-04-07T20:08:52.675Z","user":"teamcn-shop"}
{"action":"verifyToken","data":{"path":"/getUpvotes"},"level":"info","message":"Token verification attempt","timestamp":"2025-04-07T20:09:03.084Z"}
{"action":"verifyToken","data":{"isAdmin":false,"path":"/getUpvotes"},"level":"info","message":"Token verified successfully","timestamp":"2025-04-07T20:09:03.085Z","user":"teamcn-shop"}
{"action":"verifyToken","data":{"path":"/getUpvotes"},"level":"info","message":"Token verification attempt","timestamp":"2025-04-07T20:09:03.722Z"}
{"action":"verifyToken","data":{"isAdmin":false,"path":"/getUpvotes"},"level":"info","message":"Token verified successfully","timestamp":"2025-04-07T20:09:03.724Z","user":"teamcn-shop"}
{"action":"verifyToken","data":{"path":"/getUpvotes"},"level":"info","message":"Token verification attempt","timestamp":"2025-04-07T20:09:10.529Z"}
{"action":"verifyToken","data":{"isAdmin":false,"path":"/getUpvotes"},"level":"info","message":"Token verified successfully","timestamp":"2025-04-07T20:09:10.531Z","user":"teamcn-shop"}
{"action":"verifyToken","data":{"path":"/getUpvotes"},"level":"info","message":"Token verification attempt","timestamp":"2025-04-07T20:09:11.162Z"}
{"action":"verifyToken","data":{"isAdmin":false,"path":"/getUpvotes"},"level":"info","message":"Token verified successfully","timestamp":"2025-04-07T20:09:11.163Z","user":"teamcn-shop"}
{"action":"verifyToken","data":{"path":"/getUpvotes"},"level":"info","message":"Token verification attempt","timestamp":"2025-04-07T20:09:38.845Z"}
{"action":"verifyToken","data":{"isAdmin":false,"path":"/getUpvotes"},"level":"info","message":"Token verified successfully","timestamp":"2025-04-07T20:09:38.847Z","user":"teamcn-shop"}
{"action":"verifyToken","data":{"path":"/getUpvotes"},"level":"info","message":"Token verification attempt","timestamp":"2025-04-07T20:09:39.471Z"}
{"action":"verifyToken","data":{"isAdmin":false,"path":"/getUpvotes"},"level":"info","message":"Token verified successfully","timestamp":"2025-04-07T20:09:39.473Z","user":"teamcn-shop"}
{"action":"verifyToken","data":{"path":"/getUpvotes"},"level":"info","message":"Token verification attempt","timestamp":"2025-04-07T20:10:34.542Z"}
{"action":"verifyToken","data":{"isAdmin":false,"path":"/getUpvotes"},"level":"info","message":"Token verified successfully","timestamp":"2025-04-07T20:10:34.543Z","user":"teamcn-shop"}
{"action":"verifyToken","data":{"path":"/getUpvotes"},"level":"info","message":"Token verification attempt","timestamp":"2025-04-07T20:10:35.178Z"}
{"action":"verifyToken","data":{"isAdmin":false,"path":"/getUpvotes"},"level":"info","message":"Token verified successfully","timestamp":"2025-04-07T20:10:35.180Z","user":"teamcn-shop"}
{"action":"verifyToken","data":{"path":"/getUpvotes"},"level":"info","message":"Token verification attempt","timestamp":"2025-04-07T20:10:39.087Z"}
{"action":"verifyToken","data":{"isAdmin":false,"path":"/getUpvotes"},"level":"info","message":"Token verified successfully","timestamp":"2025-04-07T20:10:39.088Z","user":"teamcn-shop"}
{"action":"verifyToken","data":{"path":"/getUpvotes"},"level":"info","message":"Token verification attempt","timestamp":"2025-04-07T20:10:39.705Z"}
{"action":"verifyToken","data":{"isAdmin":false,"path":"/getUpvotes"},"level":"info","message":"Token verified successfully","timestamp":"2025-04-07T20:10:39.706Z","user":"teamcn-shop"}
{"action":"verifyToken","data":{"path":"/getUpvotes"},"level":"info","message":"Token verification attempt","timestamp":"2025-04-07T20:11:03.516Z"}
{"action":"verifyToken","data":{"isAdmin":false,"path":"/getUpvotes"},"level":"info","message":"Token verified successfully","timestamp":"2025-04-07T20:11:03.517Z","user":"teamcn-shop"}
{"action":"verifyToken","data":{"path":"/getUpvotes"},"level":"info","message":"Token verification attempt","timestamp":"2025-04-07T20:11:04.131Z"}
{"action":"verifyToken","data":{"isAdmin":false,"path":"/getUpvotes"},"level":"info","message":"Token verified successfully","timestamp":"2025-04-07T20:11:04.132Z","user":"teamcn-shop"}
{"action":"verifyToken","data":{"path":"/getUpvotes"},"level":"info","message":"Token verification attempt","timestamp":"2025-04-07T20:11:13.958Z"}
{"action":"verifyToken","data":{"isAdmin":false,"path":"/getUpvotes"},"level":"info","message":"Token verified successfully","timestamp":"2025-04-07T20:11:13.959Z","user":"teamcn-shop"}
{"action":"verifyToken","data":{"path":"/getUpvotes"},"level":"info","message":"Token verification attempt","timestamp":"2025-04-07T20:11:14.389Z"}
{"action":"verifyToken","data":{"isAdmin":false,"path":"/getUpvotes"},"level":"info","message":"Token verified successfully","timestamp":"2025-04-07T20:11:14.391Z","user":"teamcn-shop"}
{"action":"verifyToken","data":{"path":"/getUpvotes"},"level":"info","message":"Token verification attempt","timestamp":"2025-04-07T20:11:34.141Z"}
{"action":"verifyToken","data":{"isAdmin":false,"path":"/getUpvotes"},"level":"info","message":"Token verified successfully","timestamp":"2025-04-07T20:11:34.142Z","user":"teamcn-shop"}
{"action":"verifyToken","data":{"path":"/getUpvotes"},"level":"info","message":"Token verification attempt","timestamp":"2025-04-07T20:11:34.567Z"}
{"action":"verifyToken","data":{"isAdmin":false,"path":"/getUpvotes"},"level":"info","message":"Token verified successfully","timestamp":"2025-04-07T20:11:34.568Z","user":"teamcn-shop"}
{"action":"verifyToken","data":{"path":"/getUpvotes"},"level":"info","message":"Token verification attempt","timestamp":"2025-04-07T20:12:12.221Z"}
{"action":"verifyToken","data":{"isAdmin":false,"path":"/getUpvotes"},"level":"info","message":"Token verified successfully","timestamp":"2025-04-07T20:12:12.228Z","user":"teamcn-shop"}
{"action":"verifyToken","data":{"path":"/getUpvotes"},"level":"info","message":"Token verification attempt","timestamp":"2025-04-07T20:12:13.025Z"}
{"action":"verifyToken","data":{"isAdmin":false,"path":"/getUpvotes"},"level":"info","message":"Token verified successfully","timestamp":"2025-04-07T20:12:13.028Z","user":"teamcn-shop"}
{"action":"verifyToken","data":{"path":"/getUpvotes"},"level":"info","message":"Token verification attempt","timestamp":"2025-04-07T20:12:17.113Z"}
{"action":"verifyToken","data":{"isAdmin":false,"path":"/getUpvotes"},"level":"info","message":"Token verified successfully","timestamp":"2025-04-07T20:12:17.114Z","user":"teamcn-shop"}
{"action":"verifyToken","data":{"path":"/getUpvotes"},"level":"info","message":"Token verification attempt","timestamp":"2025-04-07T20:12:17.748Z"}
{"action":"verifyToken","data":{"isAdmin":false,"path":"/getUpvotes"},"level":"info","message":"Token verified successfully","timestamp":"2025-04-07T20:12:17.749Z","user":"teamcn-shop"}
{"action":"verifyToken","data":{"path":"/getUpvotes"},"level":"info","message":"Token verification attempt","timestamp":"2025-04-07T20:12:20.772Z"}
{"action":"verifyToken","data":{"isAdmin":false,"path":"/getUpvotes"},"level":"info","message":"Token verified successfully","timestamp":"2025-04-07T20:12:20.773Z","user":"teamcn-shop"}
{"action":"verifyToken","data":{"path":"/getUpvotes"},"level":"info","message":"Token verification attempt","timestamp":"2025-04-07T20:12:21.419Z"}
{"action":"verifyToken","data":{"isAdmin":false,"path":"/getUpvotes"},"level":"info","message":"Token verified successfully","timestamp":"2025-04-07T20:12:21.421Z","user":"teamcn-shop"}
{"action":"verifyToken","data":{"path":"/getUpvotes"},"level":"info","message":"Token verification attempt","timestamp":"2025-04-07T20:12:26.176Z"}
{"action":"verifyToken","data":{"isAdmin":false,"path":"/getUpvotes"},"level":"info","message":"Token verified successfully","timestamp":"2025-04-07T20:12:26.178Z","user":"teamcn-shop"}
{"action":"verifyToken","data":{"path":"/getUpvotes"},"level":"info","message":"Token verification attempt","timestamp":"2025-04-07T20:12:26.808Z"}
{"action":"verifyToken","data":{"isAdmin":false,"path":"/getUpvotes"},"level":"info","message":"Token verified successfully","timestamp":"2025-04-07T20:12:26.810Z","user":"teamcn-shop"}
{"action":"verifyToken","data":{"path":"/getUpvotes"},"level":"info","message":"Token verification attempt","timestamp":"2025-04-07T20:12:28.362Z"}
{"action":"verifyToken","data":{"isAdmin":false,"path":"/getUpvotes"},"level":"info","message":"Token verified successfully","timestamp":"2025-04-07T20:12:28.364Z","user":"teamcn-shop"}
{"action":"verifyToken","data":{"path":"/getUpvotes"},"level":"info","message":"Token verification attempt","timestamp":"2025-04-07T20:12:28.998Z"}
{"action":"verifyToken","data":{"isAdmin":false,"path":"/getUpvotes"},"level":"info","message":"Token verified successfully","timestamp":"2025-04-07T20:12:29.000Z","user":"teamcn-shop"}
{"action":"verifyToken","data":{"path":"/getUpvotes"},"level":"info","message":"Token verification attempt","timestamp":"2025-04-07T20:12:46.819Z"}
{"action":"verifyToken","data":{"isAdmin":false,"path":"/getUpvotes"},"level":"info","message":"Token verified successfully","timestamp":"2025-04-07T20:12:46.821Z","user":"teamcn-shop"}
{"action":"verifyToken","data":{"path":"/getUpvotes"},"level":"info","message":"Token verification attempt","timestamp":"2025-04-07T20:12:47.454Z"}
{"action":"verifyToken","data":{"isAdmin":false,"path":"/getUpvotes"},"level":"info","message":"Token verified successfully","timestamp":"2025-04-07T20:12:47.456Z","user":"teamcn-shop"}
{"action":"verifyToken","data":{"path":"/getUpvotes"},"level":"info","message":"Token verification attempt","timestamp":"2025-04-07T20:14:12.684Z"}
{"action":"verifyToken","data":{"isAdmin":false,"path":"/getUpvotes"},"level":"info","message":"Token verified successfully","timestamp":"2025-04-07T20:14:12.687Z","user":"teamcn-shop"}
{"action":"verifyToken","data":{"path":"/getUpvotes"},"level":"info","message":"Token verification attempt","timestamp":"2025-04-07T20:14:13.325Z"}
{"action":"verifyToken","data":{"isAdmin":false,"path":"/getUpvotes"},"level":"info","message":"Token verified successfully","timestamp":"2025-04-07T20:14:13.326Z","user":"teamcn-shop"}
